 &FMS_IO_NML
 FMS_NETCDF_OVERRIDE     = T,
 FMS_NETCDF_RESTART      = T,
 THREADING_READ  = multi                           ,
 FILESET_READ    = single                          ,
 THREADING_WRITE = single                          ,
 FILESET_WRITE   = single                          ,
 FORMAT  = netcdf                          ,
 READ_ALL_PE     = T,
 IOSPEC_IEEE32   = -N ieee_32                                                      ,
 MAX_FILES_W     =          40,
 MAX_FILES_R     =          40
 /

================================================================================
$Id: fms_io.F90,v 12.0 2005/04/14 17:56:29 fms Exp $
$Name: lima $
NOTE from PE    7: coupler_init: Atmos PE range:      0     7
NOTE from PE    7: coupler_init: Atmos PE range:      0     7
 &DIAG_MANAGER_NML
 APPEND_PELIST_NAME      = F,
 MIX_SNAPSHOT_AVERAGE_FIELDS     = F,
 INIT_VERBOSE    = F,
 IOSPEC  =                                                                 ,
 MAX_OUTPUT_FIELDS       =         300,
 MAX_INPUT_FIELDS        =         300,
 MAX_AXES        =          60,
 DO_DIAG_FIELD_LOG       = F,
 WRITE_BYTES_IN_FILE     = F
 /
  
Tracer number for mixing ratio      =  -1
NOTE from PE    6: interpolator_mod :ozone_1990.nc is a year-independent climatology file

WARNING from PE    7: program coupler: final time does not match expected ending time

